# serializer version: 1
# name: test_deny_orientation_request_email
  dict({
    'email_new_referent': '''
      <!DOCTYPE html>
      <html lang="fr">
      	<head>
      		<meta charset="UTF-8" />
      		<meta http-equiv="X-UA-Compatible" content="IE=edge" />
      		<meta name="viewport" content="width=device-width, initial-scale=1.0" />
      		<title>Maintien de l’accompagnement</title>
      	</head>
      	<body>
      		<h1>Maintien de l’accompagnement</h1>
      		<strong>Suite à votre demande de réorientation, il a été décidé de maintenir l’accompagnement</strong>
      		<p>Bénéficiaire&nbsp;: <strong>Dee Jennings</strong></p>
      
      		<p>
      			Pour plus de renseignements, veuillez contacter votre mandataire.
      		</p>
      
      		<p>
      			Pour accéder à Carnet de bord, veuillez cliquer sur le lien
      			ci-dessous&nbsp;:
      		</p>
      		<p style="padding-left: 20%">
      			<a
      				rel="nofollow"
      				href="http://localhost:3001"
      				style="
      					background-color: #6a20ae;
      					font-size: 14px;
      					font-family: Helvetica, Arial, sans-serif;
      					font-weight: bold;
      					text-decoration: none;
      					padding: 8px 10px;
      					color: #ffffff;
      					border-radius: 5px;
      					display: inline-block;
      				"
      			>
      				<span>Accédez à Carnet de bord</span>
      			</a>
      		</p>
      		<p>L'équipe Carnet de bord</p>
      	</body>
      </html>
    ''',
  })
# ---
