# serializer version: 1
# name: test_get_contraintes
  list([
    Contrainte(id=23, nom='Développer sa mobilité', valeur='CLOTUREE', date='2023-05-12T12:54:39.000+00:00', situations=[Situation(code='6', libelle='Aucun moyen de transport à disposition', valeur='NON_ABORDEE'), Situation(code='7', libelle='Dépendant des transports en commun', valeur='OUI'), Situation(code='8', libelle='Permis non valide / suspension de permis', valeur='NON_ABORDEE'), Situation(code='40', libelle='État de santé incompatible avec la conduite', valeur='NON_ABORDEE')]),
    Contrainte(id=24, nom='Surmonter ses contraintes familiales', valeur='NON_ABORDEE', date=None, situations=[Situation(code='9', libelle='Enfant(s) en situation de handicap', valeur='NON_ABORDEE'), Situation(code='10', libelle='Contraintes horaires', valeur='NON_ABORDEE'), Situation(code='11', libelle="Aidant familial (s'occuper d'un proche)", valeur='NON_ABORDEE'), Situation(code='12', libelle='Autres contraintes familiales à prendre en compte', valeur='NON_ABORDEE'), Situation(code='13', libelle='Enfant(s) de moins de 3 ans sans solution de garde', valeur='NON_ABORDEE'), Situation(code='14', libelle='Attend un enfant ou plus', valeur='NON_ABORDEE')]),
    Contrainte(id=25, nom='Prendre en compte son état de santé', valeur='NON_ABORDEE', date=None, situations=[Situation(code='15', libelle="Problème déclaré entravant l'exercice de certains métiers", valeur='NON_ABORDEE'), Situation(code='16', libelle='Couverture sociale / mutuelle à mettre à jour', valeur='NON_ABORDEE'), Situation(code='17', libelle="Problème déclaré ne permettant plus d'exercer une activité professionnelle", valeur='NON_ABORDEE'), Situation(code='18', libelle='Problème déclaré ne permettant pas de reprendre une activité professionnelle immédiate', valeur='NON_ABORDEE'), Situation(code='19', libelle='Problème déclaré entrainant des absences régulières', valeur='NON_ABORDEE')]),
    Contrainte(id=26, nom='Développer ses capacités en lecture, écriture et calcul', valeur='CLOTUREE', date='2023-05-11T08:41:58.000+00:00', situations=[Situation(code='20', libelle="Non maitrise de l'écrit en français (écrit)", valeur='NON_ABORDEE'), Situation(code='21', libelle='Non maitrise de la lecture en français (lu)', valeur='NON_ABORDEE'), Situation(code='22', libelle='Non maitrise de la compréhension du français (parlé)', valeur='NON_ABORDEE'), Situation(code='23', libelle='Difficultés en calcul', valeur='OUI')]),
    Contrainte(id=27, nom='Faire face à des difficultés de logement', valeur='NON_ABORDEE', date=None, situations=[Situation(code='24', libelle='Sans hébergement / rupture effective de logement', valeur='NON_ABORDEE'), Situation(code='25', libelle='Logement insalubre', valeur='NON_ABORDEE'), Situation(code='26', libelle='Difficulté à payer le loyer', valeur='NON_ABORDEE'), Situation(code='27', libelle='Doit quitter le logement', valeur='NON_ABORDEE'), Situation(code='28', libelle='Territoire rural isolé', valeur='NON_ABORDEE'), Situation(code='41', libelle="Besoin d'adapter le logement", valeur='NON_ABORDEE')]),
    Contrainte(id=28, nom='Faire face à des difficultés financières', valeur='NON_ABORDEE', date=None, situations=[Situation(code='29', libelle='Sans aucune ressource', valeur='NON_ABORDEE'), Situation(code='30', libelle='Baisse des ressources', valeur='NON_ABORDEE'), Situation(code='31', libelle="Difficulté dans la gestion d'un budget", valeur='NON_ABORDEE'), Situation(code='32', libelle='En situation de surendettement', valeur='NON_ABORDEE'), Situation(code='33', libelle="Besoin d'un soutien alimentaire", valeur='NON_ABORDEE'), Situation(code='34', libelle='Ressources précaires (inférieures au seuil de pauvreté)', valeur='NON_ABORDEE')]),
    Contrainte(id=29, nom='Faire face à des difficultés administratives ou juridiques', valeur='NON_ABORDEE', date=None, situations=[Situation(code='35', libelle='Difficultés à effectuer une démarche administrative', valeur='NON_ABORDEE'), Situation(code='36', libelle="Besoin d'etre guidé dans le cadre d'un accès aux droits", valeur='NON_ABORDEE'), Situation(code='37', libelle='Rencontre des difficultés juridiques', valeur='NON_ABORDEE'), Situation(code='38', libelle="Difficulté à accéder à un justificatif d'identité", valeur='NON_ABORDEE'), Situation(code='39', libelle="Difficulté à accéder à son avis d'imposition", valeur='NON_ABORDEE')]),
  ])
# ---
